// Jest Snapshot v1, https://goo.gl/fbAQLP

exports[`HomeViewビューのテスト スナップショットテスト 1`] = `
<div>
  <main>
    <h3>
      ホーム
    </h3>
    <div>
      
      <div>
        <p>
           今日は 
          <span
            style="font-weight: 500; font-size: 1.4em; color: red;"
          />
           です 
        </p>
      </div>
      <div>
        <p>
           現在の時刻は 
          <span
            style="font-weight: 250; font-size: 1.4em;"
          />
           です 
        </p>
      </div>
      <div>
        <p>
          今日もお仕事、がんばりましょう…
        </p>
      </div>
      
    </div>
  </main>
</div>
`;
