// Jest Snapshot v1, https://goo.gl/fbAQLP

exports[`Logoutビューのテスト スナップショット 1`] = `
<div>
  
  <h2>
    ログアウトしました
  </h2>
  <div>
    <button>
      再ログイン
    </button>
  </div>
  
</div>
`;
