// Jest Snapshot v1, https://goo.gl/fbAQLP

exports[`ReallTimeClockコンポーネントのテスト スナップショットテスト 1`] = `
<div>
  
  <section
    aria-labelledby="today-contents"
  >
    <p
      id="today-contents"
    >
       今日は 
      <span
        style="font-weight: 500; font-size: 1.4em; color: red;"
      />
       です 
    </p>
  </section>
  <section
    aria-labelledby="now-contents"
  >
    <p
      id="now-contents"
    >
       現在の時刻は 
      <span
        style="font-weight: 250; font-size: 1.4em;"
      />
       です 
    </p>
  </section>
  <section
    aria-labelledby="encouragement-message"
  >
    <p
      id="encouragement-message"
    >
      今日もお仕事、がんばりましょう…
    </p>
  </section>
  
</div>
`;
